perl-Time-Local
basesystem
perl-PathTools
ncurses-base
perl-File-Temp
perl-Time-HiRes
ncurses-libs
telnet
libselinux
ftp
bind-license
popt
bash
libdb
nspr
libattr
nss-util
libffi
libuuid
libgpg-error
readline
krb5-libs
perl-Pod-Usage
diffutils
perl-Filter
libcap-ng
perl-Module-CoreList
libassuan
p11-kit
which
libgudev1
dbus
libgomp
newt
p11-kit-trust
less
libssh2
libmetalink
bind-libs-lite
acl
gnutls
pinentry
cronie
libcurl
libselinux-utils
rpm
libedit
selinux-policy
pth
util-linux
linux-atm-libs
dhclient
freetype
coreutils
grub2
libuser
e2fsprogs
selinux-policy-targeted
bind-utils
python-decorator
kernel
fedora-logos
shared-mime-info
hwdata
vim-enhanced
python-libs
pygobject3-base
tzdata
libselinux-python
polkit-pkla-compat
trousers
dnsmasq
avahi-autoipd
dracut-config-rescue
parted
perl-parent
filesystem
perl-constant
kbd-legacy
perl-File-Path
kbd-misc
perl-threads-shared
perl-Carp
mc
zlib
libgcc
linux-firmware
nss-softokn-freebl
glibc
libcom_err
bzip2-libs
audit-libs
libacl
pam
libcap
libxml2
glib2
systemd-libs
libidn
expat
libblkid
libgcrypt
libstdc++
gawk
elfutils-libelf
dbus-glib
perl-Pod-Escapes
findutils
perl-Text-ParseWords
iptables
perl-libs
tcp_wrappers-libs
perl-Socket
perl-macros
libnl3-cli
perl-Getopt-Long
libcroco
perl
libunistring
nss-softokn
nss-sysinit
kmod-libs
systemd
cpio
keyutils-libs
libtasn1
slang
file-libs
gettext-libs
ca-certificates
iputils
gsettings-desktop-schemas
gettext
ModemManager-glib
bind-libs
wpa_supplicant
cyrus-sasl-lib
NetworkManager-glib
avahi-libs
cronie-anacron
nss-tools
make
dhcp-libs
dtc
rpm-libs
ncurses
rpm-build-libs
libmodman
dhcp-common
libsoup
qrencode-libs
libmount
os-prober
iproute
initscripts
libsemanage
libss
gzip
vim-minimal
cracklib-dicts
libaio
libpwquality
grub2-tools
libutempter
procps-ng
pygpgme
lynx
policycoreutils
vim-common
bc
python-pycurl
sqlite
python-iniparse
python
newt-python
kernel
pyliblzma
gnupg2
python-slip
docker-io
yum-metadata-parser
fipscheck
device-mapper
cryptsetup-libs
crontabs
device-mapper-event
libpciaccess
libpipeline
plymouth-core-libs
jansson
hardlink
fedora-release
plymouth
kbd
lvm2
passwd
uboot-tools
gpg-pubkey
perl-HTTP-Tiny
perl-Pod-Perldoc
perl-Exporter
firewalld
device-mapper-persistent-data
sudo
openssh-clients
wget
yum
lftp
python-six
openssl
audit
man-db
xz
kpartx
perl-Scalar-List-Utils
setup
perl-threads
gpm-libs
libsepol
info
grep
glibc-common
xz-libs
sed
dbus-libs
pkgconfig
chkconfig
libnl3
gdbm
lua
perl-Encode
gmp
perl-Storable
perl-Pod-Simple
groff-base
nss
kmod
libdaemon
libpcap
hostname
file
openssl-libs
nettle
gobject-introspection
ppp
libdb-utils
polkit
mozjs17
openldap
libpng
curl
rpm-python
libproxy
pcre
libverto
openssh
ustr
e2fsprogs-libs
cracklib
libndp
firewalld-filesystem
shadow-utils
NetworkManager
openssh-server
gpgme
dbus-python
tcpdump
libdrm
pciutils-libs
vim-filesystem
libteam
python-urlgrabber
teamd
pyxattr
net-tools
python-slip-dbus
fipscheck-lib
device-mapper-libs
device-mapper-event-libs
lvm2-libs
glib-networking
ebtables
sysvinit-tools
dracut
plymouth-scripts
biosdevname
authconfig
grubby
rootfiles
perl-podlators
perl-version
